==> 1. Selecting JDK 23 (confirmed full JDK on this system)
Using: openjdk version "23.0.1" 2024-10-15
javac: javac 23.0.1
==> 2. Generate persistent release keystore (only if it doesn't already exist)
✅ Reusing existing keystore at /home/krushn/wallet-manager/release-key.jks
==> 3. Clean slate for the Capacitor/Android project (keystore is OUTSIDE android/, so it survives)
==> 4. Copy web assets
==> 5. Init Capacitor + Android platform
✔ Creating capacitor.config.json in /home/krushn/wallet-manager in 8.49ms
[success] capacitor.config.json created!

Next steps: 
https://capacitorjs.com/docs/getting-started#where-to-go-next
✔ Adding native android project in android in 263.36ms
✔ add in 266.27ms
✔ Copying web assets from www to android/app/src/main/assets/public in 74.60ms
✔ Creating capacitor.config.json in android/app/src/main/assets in 2.09ms
✔ copy android in 135.77ms
✔ Updating Android plugins in 3.34ms
✔ update android in 105.73ms
✔ Syncing Gradle in 1.47ms
[success] android platform added!
Follow the Developer Workflow guide to get building:
https://capacitorjs.com/docs/basics/workflow
✔ Copying web assets from www to android/app/src/main/assets/public in 255.24ms
✔ Creating capacitor.config.json in android/app/src/main/assets in 13.21ms
✔ copy android in 317.97ms
✔ Updating Android plugins in 2.47ms
✔ update android in 215.52ms
[info] Sync finished in 0.585s
==> 5b. Patch AndroidManifest.xml with permissions
✅ Patched AndroidManifest.xml permissions
==> 5c. Patch MainActivity.java to request camera permission at startup
✅ MainActivity.java patched with camera permission
==> 5d. Run generate_icons.sh to generate launcher icons
Processing mipmap-hdpi with size 72x72...
Processing mipmap-xxxhdpi with size 192x192...
Processing mipmap-xhdpi with size 96x96...
Processing mipmap-xxhdpi with size 144x144...
Processing mipmap-mdpi with size 48x48...
Removing adaptive/vector XML icon files to force fallback to generated PNGs...
Android app icons generated successfully!
==> 6. Patch variables.gradle for Android 15 (API 35)
variables.gradle patched:
    minSdkVersion = 23
    compileSdkVersion = 35
    targetSdkVersion = 35
==> 7. Pin app source/target Java compatibility to 17 (what AGP actually needs, regardless of host JDK)
==> 8. Fix Kotlin stdlib duplicate-class conflict
✅ Added Kotlin stdlib exclusions.
==> 9. Add persistent release signing config
✅ Release signing config wired in.
==> 10. Force gradle to use JDK 23
==> 11. Clean build
To honour the JVM settings for this build a single-use Daemon process will be forked. For more on this, please refer to https://docs.gradle.org/8.11.1/userguide/gradle_daemon.html#sec:disabling_the_daemon in the Gradle documentation.
Daemon will be stopped at the end of the build 

> Configure project :app
WARNING: Using flatDir should be avoided because it doesn't support any meta-data formats.

> Configure project :capacitor-cordova-android-plugins
WARNING: Using flatDir should be avoided because it doesn't support any meta-data formats.

> Task :clean UP-TO-DATE
> Task :app:clean
> Task :capacitor-android:clean
> Task :capacitor-cordova-android-plugins:clean UP-TO-DATE

BUILD SUCCESSFUL in 3m 21s
4 actionable tasks: 2 executed, 2 up-to-date
To honour the JVM settings for this build a single-use Daemon process will be forked. For more on this, please refer to https://docs.gradle.org/8.11.1/userguide/gradle_daemon.html#sec:disabling_the_daemon in the Gradle documentation.
Daemon will be stopped at the end of the build 

> Configure project :app
WARNING: Using flatDir should be avoided because it doesn't support any meta-data formats.

> Configure project :capacitor-cordova-android-plugins
WARNING: Using flatDir should be avoided because it doesn't support any meta-data formats.

> Task :app:preBuild UP-TO-DATE
> Task :app:preReleaseBuild UP-TO-DATE
> Task :capacitor-android:preBuild UP-TO-DATE
> Task :capacitor-android:preReleaseBuild UP-TO-DATE
> Task :capacitor-cordova-android-plugins:preBuild UP-TO-DATE
> Task :capacitor-cordova-android-plugins:preReleaseBuild UP-TO-DATE
> Task :capacitor-android:writeReleaseAarMetadata
> Task :app:javaPreCompileRelease
> Task :capacitor-cordova-android-plugins:writeReleaseAarMetadata
> Task :app:generateReleaseResValues
> Task :capacitor-android:generateReleaseResValues
> Task :app:checkReleaseAarMetadata
> Task :capacitor-android:generateReleaseResources
> Task :capacitor-android:packageReleaseResources
> Task :capacitor-cordova-android-plugins:generateReleaseResValues
> Task :capacitor-cordova-android-plugins:generateReleaseResources
> Task :capacitor-cordova-android-plugins:packageReleaseResources
> Task :app:mapReleaseSourceSetPaths
> Task :app:generateReleaseResources
> Task :app:packageReleaseResources
> Task :app:mergeReleaseResources
> Task :app:createReleaseCompatibleScreenManifests
> Task :app:extractDeepLinksRelease
> Task :capacitor-android:extractDeepLinksRelease
> Task :capacitor-cordova-android-plugins:extractDeepLinksRelease
> Task :app:parseReleaseLocalResources
> Task :capacitor-android:processReleaseManifest
> Task :capacitor-cordova-android-plugins:processReleaseManifest
> Task :capacitor-android:compileReleaseLibraryResources
> Task :app:processReleaseMainManifest
> Task :app:processReleaseManifest
> Task :capacitor-cordova-android-plugins:compileReleaseLibraryResources
> Task :app:processReleaseManifestForPackage
> Task :capacitor-android:parseReleaseLocalResources
> Task :capacitor-cordova-android-plugins:parseReleaseLocalResources
> Task :capacitor-android:javaPreCompileRelease
> Task :capacitor-cordova-android-plugins:javaPreCompileRelease
> Task :app:extractProguardFiles
> Task :capacitor-android:processReleaseJavaRes NO-SOURCE
> Task :capacitor-cordova-android-plugins:generateReleaseRFile
> Task :capacitor-android:extractProguardFiles
> Task :capacitor-android:generateReleaseRFile
> Task :app:processReleaseResources

> Task :capacitor-android:compileReleaseJavaWithJavac
Note: Some input files use unchecked or unsafe operations.
Note: Recompile with -Xlint:unchecked for details.

> Task :capacitor-cordova-android-plugins:compileReleaseJavaWithJavac NO-SOURCE
> Task :capacitor-cordova-android-plugins:bundleLibCompileToJarRelease
> Task :capacitor-android:bundleLibCompileToJarRelease
> Task :capacitor-android:bundleLibRuntimeToJarRelease
> Task :capacitor-android:generateReleaseLintModel
> Task :app:compileReleaseJavaWithJavac
> Task :capacitor-android:createFullJarRelease
> Task :capacitor-cordova-android-plugins:bundleLibRuntimeToJarRelease
> Task :capacitor-android:prepareLintJarForPublish
> Task :capacitor-cordova-android-plugins:processReleaseJavaRes NO-SOURCE
> Task :capacitor-cordova-android-plugins:createFullJarRelease
> Task :capacitor-cordova-android-plugins:extractProguardFiles
> Task :capacitor-cordova-android-plugins:generateReleaseLintModel
> Task :capacitor-cordova-android-plugins:prepareLintJarForPublish
> Task :capacitor-android:mergeReleaseJniLibFolders
> Task :app:generateReleaseLintVitalReportModel
> Task :capacitor-android:mergeReleaseNativeLibs NO-SOURCE
> Task :capacitor-android:stripReleaseDebugSymbols NO-SOURCE
> Task :capacitor-android:extractDeepLinksForAarRelease
> Task :capacitor-android:copyReleaseJniLibsProjectAndLocalJars
> Task :capacitor-android:extractReleaseAnnotations
> Task :capacitor-android:mergeReleaseGeneratedProguardFiles
> Task :capacitor-android:mergeReleaseConsumerProguardFiles
> Task :capacitor-android:mergeReleaseShaders
> Task :capacitor-android:compileReleaseShaders NO-SOURCE
> Task :capacitor-android:generateReleaseAssets UP-TO-DATE
> Task :capacitor-android:packageReleaseAssets
> Task :capacitor-android:prepareReleaseArtProfile
> Task :capacitor-cordova-android-plugins:mergeReleaseJniLibFolders
> Task :capacitor-cordova-android-plugins:mergeReleaseNativeLibs NO-SOURCE
> Task :capacitor-cordova-android-plugins:stripReleaseDebugSymbols NO-SOURCE
> Task :capacitor-cordova-android-plugins:copyReleaseJniLibsProjectAndLocalJars
> Task :capacitor-cordova-android-plugins:extractDeepLinksForAarRelease
> Task :capacitor-android:mergeReleaseJavaResource
> Task :capacitor-cordova-android-plugins:extractReleaseAnnotations
> Task :capacitor-android:syncReleaseLibJars
> Task :capacitor-android:bundleReleaseLocalLintAar
> Task :capacitor-cordova-android-plugins:mergeReleaseGeneratedProguardFiles
> Task :capacitor-cordova-android-plugins:mergeReleaseConsumerProguardFiles
> Task :capacitor-cordova-android-plugins:mergeReleaseShaders
> Task :capacitor-cordova-android-plugins:compileReleaseShaders NO-SOURCE
> Task :capacitor-cordova-android-plugins:generateReleaseAssets UP-TO-DATE
> Task :capacitor-cordova-android-plugins:packageReleaseAssets
> Task :capacitor-cordova-android-plugins:prepareReleaseArtProfile
> Task :capacitor-cordova-android-plugins:mergeReleaseJavaResource
> Task :capacitor-cordova-android-plugins:syncReleaseLibJars
> Task :capacitor-cordova-android-plugins:bundleReleaseLocalLintAar
> Task :capacitor-android:writeReleaseLintModelMetadata
> Task :capacitor-cordova-android-plugins:writeReleaseLintModelMetadata
> Task :capacitor-android:generateReleaseLintVitalModel
> Task :capacitor-cordova-android-plugins:generateReleaseLintVitalModel
> Task :app:mergeReleaseJniLibFolders
> Task :capacitor-android:copyReleaseJniLibsProjectOnly
> Task :capacitor-cordova-android-plugins:copyReleaseJniLibsProjectOnly
> Task :app:checkReleaseDuplicateClasses
> Task :app:mergeReleaseNativeLibs NO-SOURCE
> Task :app:stripReleaseDebugSymbols NO-SOURCE
> Task :app:extractReleaseNativeSymbolTables NO-SOURCE
> Task :app:mergeReleaseNativeDebugMetadata NO-SOURCE
> Task :app:dexBuilderRelease
> Task :app:desugarReleaseFileDependencies
> Task :app:mergeReleaseStartupProfile
> Task :capacitor-android:lintVitalAnalyzeRelease
> Task :capacitor-cordova-android-plugins:lintVitalAnalyzeRelease
> Task :app:mergeExtDexRelease
> Task :app:mergeReleaseArtProfile
> Task :app:mergeReleaseShaders
> Task :app:compileReleaseShaders NO-SOURCE
> Task :app:generateReleaseAssets UP-TO-DATE
> Task :app:mergeReleaseAssets
> Task :app:compressReleaseAssets
> Task :app:lintVitalAnalyzeRelease
> Task :app:extractReleaseVersionControlInfo
> Task :app:processReleaseJavaRes NO-SOURCE
> Task :app:lintVitalReportRelease
> Task :app:lintVitalRelease
> Task :app:collectReleaseDependencies
> Task :app:mergeReleaseJavaResource
> Task :app:mergeReleaseGlobalSynthetics
> Task :app:sdkReleaseDependencyData
> Task :app:validateSigningRelease
> Task :app:writeReleaseAppMetadata
> Task :app:writeReleaseSigningConfigVersions
> Task :capacitor-android:bundleReleaseAar
> Task :capacitor-android:mapReleaseSourceSetPaths
> Task :capacitor-android:mergeReleaseResources
> Task :capacitor-cordova-android-plugins:bundleReleaseAar
> Task :capacitor-cordova-android-plugins:mapReleaseSourceSetPaths
> Task :capacitor-android:verifyReleaseResources
> Task :capacitor-cordova-android-plugins:mergeReleaseResources
> Task :app:optimizeReleaseResources
> Task :capacitor-android:assembleRelease
> Task :capacitor-cordova-android-plugins:verifyReleaseResources
> Task :capacitor-cordova-android-plugins:assembleRelease
> Task :app:mergeDexRelease
> Task :app:compileReleaseArtProfile
> Task :app:packageRelease
> Task :app:createReleaseApkListingFileRedirect
> Task :app:assembleRelease
[Incubating] Problems report is available at: file:///home/krushn/wallet-manager/android/build/reports/problems/problems-report.html

BUILD SUCCESSFUL in 4m 13s
116 actionable tasks: 116 executed
==> 12. Copy + verify APK integrity BEFORE touching the device
==> 13. Verify the APK is a valid, uncorrupted, SIGNED zip
apk/puky.apk: Android package (APK), with gradle app-metadata.properties, with APK Signing Block
✅ APK is a valid, signed zip archive.
==> 14. Write version.json with SHA256 fingerprints for verification
✅ version.json written:
{
  "appId": "com.krushn.pukywallet",
  "appName": "PUKY-Wallet",
  "buildDate": "2026-08-15T18:30:36Z",
  "targetSdk": 35,
  "compileSdk": 35,
  "jdkUsed": "23",
  "apkFile": "puky.apk",
  "apkSha256": "5a2cf3400650f7f049a66ef84aa06316874f6923006cfa900912e810321639b9",
  "signingCertSha256": "09:28:5E:F2:D2:46:4A:01:6A:20:57:66:49:55:03:C1:15:81:09:32:58:91:10:CE:9D:F1:BC:39:4D:25:1B:15",
  "keystoreAlias": "pukyrelease"
}
==> 15. Install (uninstall any old differently-signed build first, to prevent 'package invalid')
* daemon not running; starting now at tcp:5037
* daemon started successfully
No adb devices connected or adb not found — skipping installation. APK is ready at: /home/krushn/wallet-manager/apk/puky.apk
✅ DONE. Signed APK: /home/krushn/wallet-manager/apk/puky.apk
-rw-rw-r-- 1 krushn krushn 4.6M Aug 15 14:30 apk/puky.apk
-rw-rw-r-- 1 krushn krushn  428 Aug 15 14:30 apk/version.json
